Terminals unused in grammar

            semicolon as input int_type bool_type float_type color_type
                string_as_type bitwise_and_with_equals bitwise_or_with_equals
                    bitwise_xor_with_equals bitwise_not_with_equals
                        bitwise_shift_right_with_equals
                            bitwise_shift_left_with_equals dot '(' '[' '.'

        State 0 conflicts : 16 shift /
        reduce State 5 conflicts : 1 shift /
        reduce State 129 conflicts : 1 shift /
        reduce

            Grammar

        0 $accept : program $end

                    1 program : ε 2 |
    statement 3 |
    program statement

    4 statement
    : indicator_stmt 5 |
      strategy_stmt 6 | if_stmt 7 | for_stmt 8 | while_stmt 9 | return_stmt 10 |
      break_stmt 11 | continue_stmt 12 | switch_stmt 13 | case_stmt 14 |
      default_stmt 15 | var_stmt 16 | const_stmt 17 | simple_stmt 18 |
      import_stmt 19 | assignment_stmt 20 |
      assignment_re_stmt

      21 block : left_brace statement right_brace 22 |
                 statement

                 23 indicator_stmt
    : indicator_function left_paren string right_paren

      24 strategy_stmt : strategy_function left_paren string right_paren

                         25 if_stmt
    : if_statement left_paren expr right_paren block 26 |
      if_statement left_paren expr right_paren block else_statement block

      27 for_stmt
    : for_statement identifier assign expr to expr block 28 |
      for_statement identifier assign expr to expr step expr block 29 |
      for_statement expr block

      30 while_stmt : while_statement expr block

                      31 return_stmt : return_statement expr 32 |
                                       return_statement

                                       33 break_stmt : break_statement

                                                       34 continue_stmt
    : continue_statement

      35 switch_stmt : switch_statement expr block

                       36 case_stmt : case_statement expr colon block 37 |
                                      case_statement expr comma expr colon block

                                      38 default_stmt
    : default_statement colon block

      39 var_stmt : var identifier assign expr 40 |
                    var identifier

                    41 const_stmt : const_statement identifier assign expr

                                    42 simple_stmt : simple identifier

                                                     43 import_stmt
    : import_statement string

      44 assignment_stmt : identifier assign expr

                           45 assignment_re_stmt : identifier re_assign expr

                                                   46 expr
    : number 47 |
      identifier 48 | string 49 | expr '+' expr 50 | expr '-' expr 51 |
      expr '*' expr 52 | expr '/' expr 53 | expr '%' expr 54 |
      expr logical_and expr 55 | expr logical_or expr 56 | expr equals expr 57 |
      expr dont_equal expr 58 | expr greater_than expr 59 |
      expr lesser_than expr 60 | expr greater_than_or_equals expr 61 |
      expr lesser_than_or_equals expr 62 | expr bitwise_and expr 63 |
      expr bitwise_or expr 64 | expr bitwise_xor expr 65 |
      expr bitwise_shift_to_left expr 66 | expr bitwise_shift_to_right expr 67 |
      logical_not expr 68 | bitwise_not expr 69 | '-' expr 70 | '+' expr 71 |
      left_paren expr right_paren

          Terminals,
    with rules where
        they
            appear

                $end(0) 0 '%'(37)53 '('(40)'*'(42)51 '+'(43)49 70 '-'(
                    45)50 69 '.'(46)'/'(47)52 '['(91)error(256) indicator_function(258) 23 strategy_function(259) 24 if_statement(260) 25 26 else_statement(261) 26 for_statement(262) 27 28 29 step(263) 28 to(264) 27 28 return_statement(265) 31 32 while_statement(266) 30 break_statement(267) 33 continue_statement(268) 34 switch_statement(269) 35 case_statement(270) 36 37 default_statement(271) 38 var(272) 39 40 const_statement(273) 41 simple(274) 42 logical_and(275) 54 logical_or(276) 55 logical_not(277) 67 dont_equal(278) 57 bitwise_and(279) 62 bitwise_or(280) 63 bitwise_xor(281) 64 bitwise_not(282) 68 bitwise_shift_to_left(283) 65 bitwise_shift_to_right(284) 66 semicolon(285)
                    import_statement(286) 43 as(
                        287) input(288) int_type(289) bool_type(290) float_type(291) color_type(292) string_as_type(293) left_paren(294) 23 24 25 26 71 right_paren(295) 23 24 25 26 71 left_brace(296) 21 right_brace(297) 21 assign(298) 27 28 39 41 44 re_assign(299) 45 equals(300) 56 greater_than(301) 58 lesser_than(302) 59 greater_than_or_equals(303) 60 lesser_than_or_equals(304) 61 bitwise_and_with_equals(305)
                        bitwise_or_with_equals(306) bitwise_xor_with_equals(
                            307) bitwise_not_with_equals(308)
                            bitwise_shift_right_with_equals(
                                309) bitwise_shift_left_with_equals(310)
                                comma(311) 37 dot(312) colon(313) 36 37 38 number<
                                    int>(314) 46 identifier<std::
                                                                string>(
                                    315) 27 28 39 40 41 42 44 45 47 string<std::
                                                                               string>(
                                    316) 23 24 43 48

    Nonterminals,
    with rules where they appear

    $accept(70) on left : 0 program<ast_node>(71) on left : 1 2 3 on right
    : 0 3 statement<ast_node>(72) on left
    : 4 5 6 7 8 9 10 11 12 13 14 15 16 17 18 19 20 on right
    : 2 3 21 22 block<ast_node>(73) on left : 21 22 on right
    : 25 26 27 28 29 30 35 36 37 38 indicator_stmt<ast_node>(74) on left
    : 23 on right : 4 strategy_stmt<ast_node>(75) on left : 24 on right
    : 5 if_stmt<ast_node>(76) on left : 25 26 on right
    : 6 for_stmt<ast_node>(77) on left : 27 28 29 on right
    : 7 while_stmt<ast_node>(78) on left : 30 on right
    : 8 return_stmt<ast_node>(79) on left : 31 32 on right
    : 9 break_stmt<ast_node>(80) on left : 33 on right
    : 10 continue_stmt<ast_node>(81) on left : 34 on right
    : 11 switch_stmt<ast_node>(82) on left : 35 on right
    : 12 case_stmt<ast_node>(83) on left : 36 37 on right
    : 13 default_stmt<ast_node>(84) on left : 38 on right
    : 14 var_stmt<ast_node>(85) on left : 39 40 on right
    : 15 const_stmt<ast_node>(86) on left : 41 on right
    : 16 simple_stmt<ast_node>(87) on left : 42 on right
    : 17 import_stmt<ast_node>(88) on left : 43 on right
    : 18 assignment_stmt<ast_node>(89) on left : 44 on right
    : 19 assignment_re_stmt<ast_node>(90) on left : 45 on right
    : 20 expr<ast_node>(91) on left
    : 46 47 48 49 50 51 52 53 54 55 56 57 58 59 60 61 62 63 64 65 66 67 68 69 70 71 on
    right
    : 25 26 27 28 29 30 31 35 36 37 39 41 44 45 49 50 51 52 53 54 55 56 57 58 59 60 61 62 63 64 65 66 67 68 69 70 71

    State 0

    0 $accept : • program $end

    indicator_function shift,
    and go to state 1 strategy_function shift,
    and go to state 2 if_statement shift,
    and go to state 3 for_statement shift,
    and go to state 4 return_statement shift,
    and go to state 5 while_statement shift,
    and go to state 6 break_statement shift,
    and go to state 7 continue_statement shift,
    and go to state 8 switch_statement shift,
    and go to state 9 case_statement shift,
    and go to state 10 default_statement shift,
    and go to state 11 var shift,
    and go to state 12 const_statement shift,
    and go to state 13 simple shift,
    and go to state 14 import_statement shift,
    and go to state 15 identifier shift,
    and go to state 16

    indicator_function[reduce using rule 1(
        program)] strategy_function[reduce using rule 1(program)] if_statement
        [reduce using rule 1(program)] for_statement[reduce using rule 1(
            program)] return_statement
            [reduce using rule 1(program)] while_statement[reduce using rule 1(
                program)] break_statement
                [reduce using rule 1(program)] continue_statement
                    [reduce using rule 1(program)] switch_statement
                        [reduce using rule 1(program)] case_statement
                            [reduce using rule 1(program)] default_statement
                                [reduce using rule 1(program)] var
                                    [reduce using rule 1(
                                        program)] const_statement
                                        [reduce using rule 1(program)] simple
                                            [reduce using rule 1(
                                                program)] import_statement
                                                [reduce using rule 1(
                                                    program)] identifier
                                                    [reduce using rule 1(
                                                        program)] $default
    reduce using rule 1(program)

        program go to state 17 statement go to state
    18 indicator_stmt go to state 19 strategy_stmt go to state
    20 if_stmt go to state 21 for_stmt go to state 22 while_stmt go to state
    23 return_stmt go to state 24 break_stmt go to state
    25 continue_stmt go to state 26 switch_stmt go to state
    27 case_stmt go to state 28 default_stmt go to state 29 var_stmt go to state
    30 const_stmt go to state 31 simple_stmt go to state
    32 import_stmt go to state 33 assignment_stmt go to state
    34 assignment_re_stmt go to state 35

    State 1

    23 indicator_stmt : indicator_function • left_paren string right_paren

                        left_paren shift,
    and go to state 36

    State 2

    24 strategy_stmt : strategy_function • left_paren string right_paren

                       left_paren shift,
    and go to state 37

        State 3

        25 if_stmt : if_statement • left_paren expr right_paren block 26 |
        if_statement • left_paren expr right_paren block else_statement block

        left_paren shift,
    and go to state 38

        State 4

        27 for_stmt : for_statement • identifier assign expr to expr block 28 |
        for_statement • identifier assign expr to expr step expr block 29 |
        for_statement • expr block

        logical_not shift,
    and go to state 39 bitwise_not shift,
    and go to state 40 left_paren shift,
    and go to state 41 number shift,
    and go to state 42 identifier shift,
    and go to state 43 string shift,
    and go to state 44 '+' shift,
    and go to state 45 '-' shift,
    and go to state 46

        expr go to state 47

        State 5

        31 return_stmt : return_statement • expr 32 |
        return_statement •

        logical_not shift,
    and go to state 39 bitwise_not shift,
    and go to state 40 left_paren shift,
    and go to state 41 number shift,
    and go to state 42 identifier shift,
    and go to state 48 string shift,
    and go to state 44 '+' shift,
    and go to state 45 '-' shift,
    and go to state 46

    identifier[reduce using rule 32(return_stmt)] $default reduce using rule
    32(return_stmt)

        expr go to state 49

    State 6

    30 while_stmt : while_statement • expr block

                    logical_not shift,
    and go to state 39 bitwise_not shift,
    and go to state 40 left_paren shift,
    and go to state 41 number shift,
    and go to state 42 identifier shift,
    and go to state 48 string shift,
    and go to state 44 '+' shift,
    and go to state 45 '-' shift,
    and go to state 46

    expr go to state 50

    State 7

    33 break_stmt : break_statement •

                    $default reduce using rule 33(break_stmt)

                        State 8

                    34 continue_stmt
    : continue_statement •

      $default reduce using rule 34(continue_stmt)

          State 9

      35 switch_stmt : switch_statement • expr block

                       logical_not shift,
    and go to state 39 bitwise_not shift,
    and go to state 40 left_paren shift,
    and go to state 41 number shift,
    and go to state 42 identifier shift,
    and go to state 48 string shift,
    and go to state 44 '+' shift,
    and go to state 45 '-' shift,
    and go to state 46

        expr go to state 51

        State 10

        36 case_stmt : case_statement • expr colon block 37 |
        case_statement • expr comma expr colon block

        logical_not shift,
    and go to state 39 bitwise_not shift,
    and go to state 40 left_paren shift,
    and go to state 41 number shift,
    and go to state 42 identifier shift,
    and go to state 48 string shift,
    and go to state 44 '+' shift,
    and go to state 45 '-' shift,
    and go to state 46

    expr go to state 52

    State 11

    38 default_stmt : default_statement • colon block

                      colon shift,
    and go to state 53

        State 12

        39 var_stmt : var • identifier assign expr 40 |
        var • identifier

        identifier shift,
    and go to state 54

    State 13

    41 const_stmt : const_statement • identifier assign expr

                    identifier shift,
    and go to state 55

    State 14

    42 simple_stmt : simple • identifier

                     identifier shift,
    and go to state 56

    State 15

    43 import_stmt : import_statement • string

                     string shift,
    and go to state 57

    State 16

    44 assignment_stmt : identifier • assign expr 45 assignment_re_stmt
    : identifier • re_assign expr

      assign shift,
    and go to state 58 re_assign shift,
    and go to state 59

    State 17

    0 $accept : program • $end 3 program : program • statement

                                           $end shift,
    and go to state 60 indicator_function shift,
    and go to state 1 strategy_function shift,
    and go to state 2 if_statement shift,
    and go to state 3 for_statement shift,
    and go to state 4 return_statement shift,
    and go to state 5 while_statement shift,
    and go to state 6 break_statement shift,
    and go to state 7 continue_statement shift,
    and go to state 8 switch_statement shift,
    and go to state 9 case_statement shift,
    and go to state 10 default_statement shift,
    and go to state 11 var shift,
    and go to state 12 const_statement shift,
    and go to state 13 simple shift,
    and go to state 14 import_statement shift,
    and go to state 15 identifier shift,
    and go to state 16

    statement go to state 61 indicator_stmt go to state
    19 strategy_stmt go to state 20 if_stmt go to state 21 for_stmt go to state
    22 while_stmt go to state 23 return_stmt go to state
    24 break_stmt go to state 25 continue_stmt go to state
    26 switch_stmt go to state 27 case_stmt go to state
    28 default_stmt go to state 29 var_stmt go to state
    30 const_stmt go to state 31 simple_stmt go to state
    32 import_stmt go to state 33 assignment_stmt go to state
    34 assignment_re_stmt go to state 35

    State 18

    2 program : statement •

                $default reduce using rule 2(program)

                    State 19

                4 statement : indicator_stmt •

                              $default reduce using rule 4(statement)

                                  State 20

                              5 statement
    : strategy_stmt •

      $default reduce using rule 5(statement)

          State 21

      6 statement : if_stmt •

                    $default reduce using rule 6(statement)

                        State 22

                    7 statement : for_stmt •

                                  $default reduce using rule 7(statement)

                                      State 23

                                  8 statement
    : while_stmt •

      $default reduce using rule 8(statement)

          State 24

      9 statement : return_stmt •

                    $default reduce using rule 9(statement)

                        State 25

                    10 statement : break_stmt •

                                   $default reduce using rule 10(statement)

                                       State 26

                                   11 statement
    : continue_stmt •

      $default reduce using rule 11(statement)

          State 27

      12 statement : switch_stmt •

                     $default reduce using rule 12(statement)

                         State 28

                     13 statement : case_stmt •

                                    $default reduce using rule 13(statement)

                                        State 29

                                    14 statement
    : default_stmt •

      $default reduce using rule 14(statement)

          State 30

      15 statement : var_stmt •

                     $default reduce using rule 15(statement)

                         State 31

                     16 statement : const_stmt •

                                    $default reduce using rule 16(statement)

                                        State 32

                                    17 statement
    : simple_stmt •

      $default reduce using rule 17(statement)

          State 33

      18 statement : import_stmt •

                     $default reduce using rule 18(statement)

                         State 34

                     19 statement : assignment_stmt •

                                    $default reduce using rule 19(statement)

                                        State 35

                                    20 statement
    : assignment_re_stmt •

      $default reduce using rule 20(statement)

          State 36

      23 indicator_stmt : indicator_function left_paren • string right_paren

                          string shift,
    and go to state 62

    State 37

    24 strategy_stmt : strategy_function left_paren • string right_paren

                       string shift,
    and go to state 63

        State 38

        25 if_stmt : if_statement left_paren • expr right_paren block 26 |
        if_statement left_paren • expr right_paren block else_statement block

        logical_not shift,
    and go to state 39 bitwise_not shift,
    and go to state 40 left_paren shift,
    and go to state 41 number shift,
    and go to state 42 identifier shift,
    and go to state 48 string shift,
    and go to state 44 '+' shift,
    and go to state 45 '-' shift,
    and go to state 46

    expr go to state 64

    State 39

    67 expr : logical_not • expr

              logical_not shift,
    and go to state 39 bitwise_not shift,
    and go to state 40 left_paren shift,
    and go to state 41 number shift,
    and go to state 42 identifier shift,
    and go to state 48 string shift,
    and go to state 44 '+' shift,
    and go to state 45 '-' shift,
    and go to state 46

    expr go to state 65

    State 40

    68 expr : bitwise_not • expr

              logical_not shift,
    and go to state 39 bitwise_not shift,
    and go to state 40 left_paren shift,
    and go to state 41 number shift,
    and go to state 42 identifier shift,
    and go to state 48 string shift,
    and go to state 44 '+' shift,
    and go to state 45 '-' shift,
    and go to state 46

    expr go to state 66

    State 41

    71 expr : left_paren • expr right_paren

              logical_not shift,
    and go to state 39 bitwise_not shift,
    and go to state 40 left_paren shift,
    and go to state 41 number shift,
    and go to state 42 identifier shift,
    and go to state 48 string shift,
    and go to state 44 '+' shift,
    and go to state 45 '-' shift,
    and go to state 46

        expr go to state 67

        State 42

        46 expr : number •

                  $default reduce using rule 46(expr)

                      State 43

                  27 for_stmt
    : for_statement identifier • assign expr to expr block 28 |
        for_statement identifier • assign expr to expr step expr block 47 expr
    : identifier •

      assign shift,
    and go to state 68

    $default reduce using rule 47(expr)

        State 44

    48 expr : string •

              $default reduce using rule 48(expr)

                  State 45

              70 expr : '+' • expr

                        logical_not shift,
    and go to state 39 bitwise_not shift,
    and go to state 40 left_paren shift,
    and go to state 41 number shift,
    and go to state 42 identifier shift,
    and go to state 48 string shift,
    and go to state 44 '+' shift,
    and go to state 45 '-' shift,
    and go to state 46

    expr go to state 69

    State 46

    69 expr : '-' • expr

              logical_not shift,
    and go to state 39 bitwise_not shift,
    and go to state 40 left_paren shift,
    and go to state 41 number shift,
    and go to state 42 identifier shift,
    and go to state 48 string shift,
    and go to state 44 '+' shift,
    and go to state 45 '-' shift,
    and go to state 46

        expr go to state 70

        State 47

        29 for_stmt : for_statement expr • block 49 expr : expr • '+' expr 50 |
        expr • '-' expr 51 | expr • '*' expr 52 | expr • '/' expr 53 |
        expr • '%' expr 54 | expr • logical_and expr 55 |
        expr • logical_or expr 56 | expr • equals expr 57 |
        expr • dont_equal expr 58 | expr • greater_than expr 59 |
        expr • lesser_than expr 60 | expr • greater_than_or_equals expr 61 |
        expr • lesser_than_or_equals expr 62 | expr • bitwise_and expr 63 |
        expr • bitwise_or expr 64 | expr • bitwise_xor expr 65 |
        expr • bitwise_shift_to_left expr 66 |
        expr • bitwise_shift_to_right expr

        indicator_function shift,
    and go to state 1 strategy_function shift,
    and go to state 2 if_statement shift,
    and go to state 3 for_statement shift,
    and go to state 4 return_statement shift,
    and go to state 5 while_statement shift,
    and go to state 6 break_statement shift,
    and go to state 7 continue_statement shift,
    and go to state 8 switch_statement shift,
    and go to state 9 case_statement shift,
    and go to state 10 default_statement shift,
    and go to state 11 var shift,
    and go to state 12 const_statement shift,
    and go to state 13 simple shift,
    and go to state 14 logical_and shift,
    and go to state 71 logical_or shift,
    and go to state 72 dont_equal shift,
    and go to state 73 bitwise_and shift,
    and go to state 74 bitwise_or shift,
    and go to state 75 bitwise_xor shift,
    and go to state 76 bitwise_shift_to_left shift,
    and go to state 77 bitwise_shift_to_right shift,
    and go to state 78 import_statement shift,
    and go to state 15 left_brace shift,
    and go to state 79 equals shift,
    and go to state 80 greater_than shift,
    and go to state 81 lesser_than shift,
    and go to state 82 greater_than_or_equals shift,
    and go to state 83 lesser_than_or_equals shift,
    and go to state 84 identifier shift,
    and go to state 16 '+' shift,
    and go to state 85 '-' shift,
    and go to state 86 '*' shift,
    and go to state 87 '/' shift,
    and go to state 88 '%' shift,
    and go to state 89

        statement go to state 90 block go to state 91 indicator_stmt go to state
        19 strategy_stmt go to state 20 if_stmt go to state
        21 for_stmt go to state 22 while_stmt go to state
        23 return_stmt go to state 24 break_stmt go to state
        25 continue_stmt go to state 26 switch_stmt go to state
        27 case_stmt go to state 28 default_stmt go to state
        29 var_stmt go to state 30 const_stmt go to state
        31 simple_stmt go to state 32 import_stmt go to state
        33 assignment_stmt go to state 34 assignment_re_stmt go to state 35

        State 48

        47 expr : identifier •

                  $default reduce using rule 47(expr)

                      State 49

                  31 return_stmt : return_statement expr • 49 expr
    : expr • '+' expr 50 |
        expr • '-' expr 51 | expr • '*' expr 52 | expr • '/' expr 53 |
        expr • '%' expr 54 | expr • logical_and expr 55 |
        expr • logical_or expr 56 | expr • equals expr 57 |
        expr • dont_equal expr 58 | expr • greater_than expr 59 |
        expr • lesser_than expr 60 | expr • greater_than_or_equals expr 61 |
        expr • lesser_than_or_equals expr 62 | expr • bitwise_and expr 63 |
        expr • bitwise_or expr 64 | expr • bitwise_xor expr 65 |
        expr • bitwise_shift_to_left expr 66 |
        expr • bitwise_shift_to_right expr

        logical_and shift,
    and go to state 71 logical_or shift,
    and go to state 72 dont_equal shift,
    and go to state 73 bitwise_and shift,
    and go to state 74 bitwise_or shift,
    and go to state 75 bitwise_xor shift,
    and go to state 76 bitwise_shift_to_left shift,
    and go to state 77 bitwise_shift_to_right shift,
    and go to state 78 equals shift,
    and go to state 80 greater_than shift,
    and go to state 81 lesser_than shift,
    and go to state 82 greater_than_or_equals shift,
    and go to state 83 lesser_than_or_equals shift,
    and go to state 84 '+' shift,
    and go to state 85 '-' shift,
    and go to state 86 '*' shift,
    and go to state 87 '/' shift,
    and go to state 88 '%' shift,
    and go to state 89

        $default reduce using rule 31(return_stmt)

            State 50

        30 while_stmt : while_statement expr • block 49 expr : expr • '+' expr
                                                               50 |
        expr • '-' expr 51 | expr • '*' expr 52 | expr • '/' expr 53 |
        expr • '%' expr 54 | expr • logical_and expr 55 |
        expr • logical_or expr 56 | expr • equals expr 57 |
        expr • dont_equal expr 58 | expr • greater_than expr 59 |
        expr • lesser_than expr 60 | expr • greater_than_or_equals expr 61 |
        expr • lesser_than_or_equals expr 62 | expr • bitwise_and expr 63 |
        expr • bitwise_or expr 64 | expr • bitwise_xor expr 65 |
        expr • bitwise_shift_to_left expr 66 |
        expr • bitwise_shift_to_right expr

        indicator_function shift,
    and go to state 1 strategy_function shift,
    and go to state 2 if_statement shift,
    and go to state 3 for_statement shift,
    and go to state 4 return_statement shift,
    and go to state 5 while_statement shift,
    and go to state 6 break_statement shift,
    and go to state 7 continue_statement shift,
    and go to state 8 switch_statement shift,
    and go to state 9 case_statement shift,
    and go to state 10 default_statement shift,
    and go to state 11 var shift,
    and go to state 12 const_statement shift,
    and go to state 13 simple shift,
    and go to state 14 logical_and shift,
    and go to state 71 logical_or shift,
    and go to state 72 dont_equal shift,
    and go to state 73 bitwise_and shift,
    and go to state 74 bitwise_or shift,
    and go to state 75 bitwise_xor shift,
    and go to state 76 bitwise_shift_to_left shift,
    and go to state 77 bitwise_shift_to_right shift,
    and go to state 78 import_statement shift,
    and go to state 15 left_brace shift,
    and go to state 79 equals shift,
    and go to state 80 greater_than shift,
    and go to state 81 lesser_than shift,
    and go to state 82 greater_than_or_equals shift,
    and go to state 83 lesser_than_or_equals shift,
    and go to state 84 identifier shift,
    and go to state 16 '+' shift,
    and go to state 85 '-' shift,
    and go to state 86 '*' shift,
    and go to state 87 '/' shift,
    and go to state 88 '%' shift,
    and go to state 89

        statement go to state 90 block go to state 92 indicator_stmt go to state
        19 strategy_stmt go to state 20 if_stmt go to state
        21 for_stmt go to state 22 while_stmt go to state
        23 return_stmt go to state 24 break_stmt go to state
        25 continue_stmt go to state 26 switch_stmt go to state
        27 case_stmt go to state 28 default_stmt go to state
        29 var_stmt go to state 30 const_stmt go to state
        31 simple_stmt go to state 32 import_stmt go to state
        33 assignment_stmt go to state 34 assignment_re_stmt go to state 35

        State 51

        35 switch_stmt : switch_statement expr • block 49 expr : expr • '+' expr
                                                                 50 |
        expr • '-' expr 51 | expr • '*' expr 52 | expr • '/' expr 53 |
        expr • '%' expr 54 | expr • logical_and expr 55 |
        expr • logical_or expr 56 | expr • equals expr 57 |
        expr • dont_equal expr 58 | expr • greater_than expr 59 |
        expr • lesser_than expr 60 | expr • greater_than_or_equals expr 61 |
        expr • lesser_than_or_equals expr 62 | expr • bitwise_and expr 63 |
        expr • bitwise_or expr 64 | expr • bitwise_xor expr 65 |
        expr • bitwise_shift_to_left expr 66 |
        expr • bitwise_shift_to_right expr

        indicator_function shift,
    and go to state 1 strategy_function shift,
    and go to state 2 if_statement shift,
    and go to state 3 for_statement shift,
    and go to state 4 return_statement shift,
    and go to state 5 while_statement shift,
    and go to state 6 break_statement shift,
    and go to state 7 continue_statement shift,
    and go to state 8 switch_statement shift,
    and go to state 9 case_statement shift,
    and go to state 10 default_statement shift,
    and go to state 11 var shift,
    and go to state 12 const_statement shift,
    and go to state 13 simple shift,
    and go to state 14 logical_and shift,
    and go to state 71 logical_or shift,
    and go to state 72 dont_equal shift,
    and go to state 73 bitwise_and shift,
    and go to state 74 bitwise_or shift,
    and go to state 75 bitwise_xor shift,
    and go to state 76 bitwise_shift_to_left shift,
    and go to state 77 bitwise_shift_to_right shift,
    and go to state 78 import_statement shift,
    and go to state 15 left_brace shift,
    and go to state 79 equals shift,
    and go to state 80 greater_than shift,
    and go to state 81 lesser_than shift,
    and go to state 82 greater_than_or_equals shift,
    and go to state 83 lesser_than_or_equals shift,
    and go to state 84 identifier shift,
    and go to state 16 '+' shift,
    and go to state 85 '-' shift,
    and go to state 86 '*' shift,
    and go to state 87 '/' shift,
    and go to state 88 '%' shift,
    and go to state 89

        statement go to state 90 block go to state 93 indicator_stmt go to state
        19 strategy_stmt go to state 20 if_stmt go to state
        21 for_stmt go to state 22 while_stmt go to state
        23 return_stmt go to state 24 break_stmt go to state
        25 continue_stmt go to state 26 switch_stmt go to state
        27 case_stmt go to state 28 default_stmt go to state
        29 var_stmt go to state 30 const_stmt go to state
        31 simple_stmt go to state 32 import_stmt go to state
        33 assignment_stmt go to state 34 assignment_re_stmt go to state 35

        State 52

        36 case_stmt : case_statement expr • colon block 37 |
        case_statement expr • comma expr colon block 49 expr
    : expr • '+' expr 50 |
      expr • '-' expr 51 | expr • '*' expr 52 | expr • '/' expr 53 |
      expr • '%' expr 54 | expr • logical_and expr 55 |
      expr • logical_or expr 56 | expr • equals expr 57 |
      expr • dont_equal expr 58 | expr • greater_than expr 59 |
      expr • lesser_than expr 60 | expr • greater_than_or_equals expr 61 |
      expr • lesser_than_or_equals expr 62 | expr • bitwise_and expr 63 |
      expr • bitwise_or expr 64 | expr • bitwise_xor expr 65 |
      expr • bitwise_shift_to_left expr 66 |
      expr • bitwise_shift_to_right expr

      logical_and shift,
    and go to state 71 logical_or shift,
    and go to state 72 dont_equal shift,
    and go to state 73 bitwise_and shift,
    and go to state 74 bitwise_or shift,
    and go to state 75 bitwise_xor shift,
    and go to state 76 bitwise_shift_to_left shift,
    and go to state 77 bitwise_shift_to_right shift,
    and go to state 78 equals shift,
    and go to state 80 greater_than shift,
    and go to state 81 lesser_than shift,
    and go to state 82 greater_than_or_equals shift,
    and go to state 83 lesser_than_or_equals shift,
    and go to state 84 comma shift,
    and go to state 94 colon shift,
    and go to state 95 '+' shift,
    and go to state 85 '-' shift,
    and go to state 86 '*' shift,
    and go to state 87 '/' shift,
    and go to state 88 '%' shift,
    and go to state 89

    State 53

    38 default_stmt : default_statement colon • block

                      indicator_function shift,
    and go to state 1 strategy_function shift,
    and go to state 2 if_statement shift,
    and go to state 3 for_statement shift,
    and go to state 4 return_statement shift,
    and go to state 5 while_statement shift,
    and go to state 6 break_statement shift,
    and go to state 7 continue_statement shift,
    and go to state 8 switch_statement shift,
    and go to state 9 case_statement shift,
    and go to state 10 default_statement shift,
    and go to state 11 var shift,
    and go to state 12 const_statement shift,
    and go to state 13 simple shift,
    and go to state 14 import_statement shift,
    and go to state 15 left_brace shift,
    and go to state 79 identifier shift,
    and go to state 16

        statement go to state 90 block go to state 96 indicator_stmt go to state
        19 strategy_stmt go to state 20 if_stmt go to state
        21 for_stmt go to state 22 while_stmt go to state
        23 return_stmt go to state 24 break_stmt go to state
        25 continue_stmt go to state 26 switch_stmt go to state
        27 case_stmt go to state 28 default_stmt go to state
        29 var_stmt go to state 30 const_stmt go to state
        31 simple_stmt go to state 32 import_stmt go to state
        33 assignment_stmt go to state 34 assignment_re_stmt go to state 35

        State 54

        39 var_stmt : var identifier • assign expr 40 |
        var identifier •

        assign shift,
    and go to state 97

    $default reduce using rule 40(var_stmt)

        State 55

    41 const_stmt : const_statement identifier • assign expr

                    assign shift,
    and go to state 98

    State 56

    42 simple_stmt : simple identifier •

                     $default reduce using rule 42(simple_stmt)

                         State 57

                     43 import_stmt : import_statement string •

                                      $default reduce using rule 43(import_stmt)

                                          State 58

                                      44 assignment_stmt
    : identifier assign • expr

      logical_not shift,
    and go to state 39 bitwise_not shift,
    and go to state 40 left_paren shift,
    and go to state 41 number shift,
    and go to state 42 identifier shift,
    and go to state 48 string shift,
    and go to state 44 '+' shift,
    and go to state 45 '-' shift,
    and go to state 46

    expr go to state 99

    State 59

    45 assignment_re_stmt : identifier re_assign • expr

                            logical_not shift,
    and go to state 39 bitwise_not shift,
    and go to state 40 left_paren shift,
    and go to state 41 number shift,
    and go to state 42 identifier shift,
    and go to state 48 string shift,
    and go to state 44 '+' shift,
    and go to state 45 '-' shift,
    and go to state 46

    expr go to state 100

    State 60

    0 $accept : program $end •

                $default accept

                State 61

                3 program : program statement •

                            $default reduce using rule 3(program)

                                State 62

                            23 indicator_stmt
    : indicator_function left_paren string • right_paren

      right_paren shift,
    and go to state 101

    State 63

    24 strategy_stmt : strategy_function left_paren string • right_paren

                       right_paren shift,
    and go to state 102

        State 64

        25 if_stmt : if_statement left_paren expr • right_paren block 26 |
        if_statement left_paren expr • right_paren block else_statement block
        49 expr
    : expr • '+' expr 50 |
      expr • '-' expr 51 | expr • '*' expr 52 | expr • '/' expr 53 |
      expr • '%' expr 54 | expr • logical_and expr 55 |
      expr • logical_or expr 56 | expr • equals expr 57 |
      expr • dont_equal expr 58 | expr • greater_than expr 59 |
      expr • lesser_than expr 60 | expr • greater_than_or_equals expr 61 |
      expr • lesser_than_or_equals expr 62 | expr • bitwise_and expr 63 |
      expr • bitwise_or expr 64 | expr • bitwise_xor expr 65 |
      expr • bitwise_shift_to_left expr 66 |
      expr • bitwise_shift_to_right expr

      logical_and shift,
    and go to state 71 logical_or shift,
    and go to state 72 dont_equal shift,
    and go to state 73 bitwise_and shift,
    and go to state 74 bitwise_or shift,
    and go to state 75 bitwise_xor shift,
    and go to state 76 bitwise_shift_to_left shift,
    and go to state 77 bitwise_shift_to_right shift,
    and go to state 78 right_paren shift,
    and go to state 103 equals shift,
    and go to state 80 greater_than shift,
    and go to state 81 lesser_than shift,
    and go to state 82 greater_than_or_equals shift,
    and go to state 83 lesser_than_or_equals shift,
    and go to state 84 '+' shift,
    and go to state 85 '-' shift,
    and go to state 86 '*' shift,
    and go to state 87 '/' shift,
    and go to state 88 '%' shift,
    and go to state 89

        State 65

        49 expr : expr • '+' expr 50 |
        expr • '-' expr 51 | expr • '*' expr 52 | expr • '/' expr 53 |
        expr • '%' expr 54 | expr • logical_and expr 55 |
        expr • logical_or expr 56 | expr • equals expr 57 |
        expr • dont_equal expr 58 | expr • greater_than expr 59 |
        expr • lesser_than expr 60 | expr • greater_than_or_equals expr 61 |
        expr • lesser_than_or_equals expr 62 | expr • bitwise_and expr 63 |
        expr • bitwise_or expr 64 | expr • bitwise_xor expr 65 |
        expr • bitwise_shift_to_left expr 66 |
        expr • bitwise_shift_to_right expr 67 |
        logical_not expr •

        $default reduce using rule 67(expr)

            State 66

        49 expr
    : expr • '+' expr 50 |
      expr • '-' expr 51 | expr • '*' expr 52 | expr • '/' expr 53 |
      expr • '%' expr 54 | expr • logical_and expr 55 |
      expr • logical_or expr 56 | expr • equals expr 57 |
      expr • dont_equal expr 58 | expr • greater_than expr 59 |
      expr • lesser_than expr 60 | expr • greater_than_or_equals expr 61 |
      expr • lesser_than_or_equals expr 62 | expr • bitwise_and expr 63 |
      expr • bitwise_or expr 64 | expr • bitwise_xor expr 65 |
      expr • bitwise_shift_to_left expr 66 |
      expr • bitwise_shift_to_right expr 68 |
      bitwise_not expr •

      $default reduce using rule 68(expr)

          State 67

      49 expr
    : expr • '+' expr 50 |
      expr • '-' expr 51 | expr • '*' expr 52 | expr • '/' expr 53 |
      expr • '%' expr 54 | expr • logical_and expr 55 |
      expr • logical_or expr 56 | expr • equals expr 57 |
      expr • dont_equal expr 58 | expr • greater_than expr 59 |
      expr • lesser_than expr 60 | expr • greater_than_or_equals expr 61 |
      expr • lesser_than_or_equals expr 62 | expr • bitwise_and expr 63 |
      expr • bitwise_or expr 64 | expr • bitwise_xor expr 65 |
      expr • bitwise_shift_to_left expr 66 |
      expr • bitwise_shift_to_right expr 71 |
      left_paren expr • right_paren

      logical_and shift,
    and go to state 71 logical_or shift,
    and go to state 72 dont_equal shift,
    and go to state 73 bitwise_and shift,
    and go to state 74 bitwise_or shift,
    and go to state 75 bitwise_xor shift,
    and go to state 76 bitwise_shift_to_left shift,
    and go to state 77 bitwise_shift_to_right shift,
    and go to state 78 right_paren shift,
    and go to state 104 equals shift,
    and go to state 80 greater_than shift,
    and go to state 81 lesser_than shift,
    and go to state 82 greater_than_or_equals shift,
    and go to state 83 lesser_than_or_equals shift,
    and go to state 84 '+' shift,
    and go to state 85 '-' shift,
    and go to state 86 '*' shift,
    and go to state 87 '/' shift,
    and go to state 88 '%' shift,
    and go to state 89

        State 68

        27 for_stmt : for_statement identifier assign • expr to expr block 28 |
        for_statement identifier assign • expr to expr step expr block

        logical_not shift,
    and go to state 39 bitwise_not shift,
    and go to state 40 left_paren shift,
    and go to state 41 number shift,
    and go to state 42 identifier shift,
    and go to state 48 string shift,
    and go to state 44 '+' shift,
    and go to state 45 '-' shift,
    and go to state 46

        expr go to state 105

        State 69

        49 expr : expr • '+' expr 50 |
        expr • '-' expr 51 | expr • '*' expr 52 | expr • '/' expr 53 |
        expr • '%' expr 54 | expr • logical_and expr 55 |
        expr • logical_or expr 56 | expr • equals expr 57 |
        expr • dont_equal expr 58 | expr • greater_than expr 59 |
        expr • lesser_than expr 60 | expr • greater_than_or_equals expr 61 |
        expr • lesser_than_or_equals expr 62 | expr • bitwise_and expr 63 |
        expr • bitwise_or expr 64 | expr • bitwise_xor expr 65 |
        expr • bitwise_shift_to_left expr 66 |
        expr • bitwise_shift_to_right expr 70 |
        '+' expr •

        $default reduce using rule 70(expr)

            State 70

        49 expr
    : expr • '+' expr 50 |
      expr • '-' expr 51 | expr • '*' expr 52 | expr • '/' expr 53 |
      expr • '%' expr 54 | expr • logical_and expr 55 |
      expr • logical_or expr 56 | expr • equals expr 57 |
      expr • dont_equal expr 58 | expr • greater_than expr 59 |
      expr • lesser_than expr 60 | expr • greater_than_or_equals expr 61 |
      expr • lesser_than_or_equals expr 62 | expr • bitwise_and expr 63 |
      expr • bitwise_or expr 64 | expr • bitwise_xor expr 65 |
      expr • bitwise_shift_to_left expr 66 |
      expr • bitwise_shift_to_right expr 69 |
      '-' expr •

      $default reduce using rule 69(expr)

          State 71

      54 expr : expr logical_and • expr

                logical_not shift,
    and go to state 39 bitwise_not shift,
    and go to state 40 left_paren shift,
    and go to state 41 number shift,
    and go to state 42 identifier shift,
    and go to state 48 string shift,
    and go to state 44 '+' shift,
    and go to state 45 '-' shift,
    and go to state 46

    expr go to state 106

    State 72

    55 expr : expr logical_or • expr

              logical_not shift,
    and go to state 39 bitwise_not shift,
    and go to state 40 left_paren shift,
    and go to state 41 number shift,
    and go to state 42 identifier shift,
    and go to state 48 string shift,
    and go to state 44 '+' shift,
    and go to state 45 '-' shift,
    and go to state 46

    expr go to state 107

    State 73

    57 expr : expr dont_equal • expr

              logical_not shift,
    and go to state 39 bitwise_not shift,
    and go to state 40 left_paren shift,
    and go to state 41 number shift,
    and go to state 42 identifier shift,
    and go to state 48 string shift,
    and go to state 44 '+' shift,
    and go to state 45 '-' shift,
    and go to state 46

    expr go to state 108

    State 74

    62 expr : expr bitwise_and • expr

              logical_not shift,
    and go to state 39 bitwise_not shift,
    and go to state 40 left_paren shift,
    and go to state 41 number shift,
    and go to state 42 identifier shift,
    and go to state 48 string shift,
    and go to state 44 '+' shift,
    and go to state 45 '-' shift,
    and go to state 46

    expr go to state 109

    State 75

    63 expr : expr bitwise_or • expr

              logical_not shift,
    and go to state 39 bitwise_not shift,
    and go to state 40 left_paren shift,
    and go to state 41 number shift,
    and go to state 42 identifier shift,
    and go to state 48 string shift,
    and go to state 44 '+' shift,
    and go to state 45 '-' shift,
    and go to state 46

    expr go to state 110

    State 76

    64 expr : expr bitwise_xor • expr

              logical_not shift,
    and go to state 39 bitwise_not shift,
    and go to state 40 left_paren shift,
    and go to state 41 number shift,
    and go to state 42 identifier shift,
    and go to state 48 string shift,
    and go to state 44 '+' shift,
    and go to state 45 '-' shift,
    and go to state 46

    expr go to state 111

    State 77

    65 expr : expr bitwise_shift_to_left • expr

              logical_not shift,
    and go to state 39 bitwise_not shift,
    and go to state 40 left_paren shift,
    and go to state 41 number shift,
    and go to state 42 identifier shift,
    and go to state 48 string shift,
    and go to state 44 '+' shift,
    and go to state 45 '-' shift,
    and go to state 46

    expr go to state 112

    State 78

    66 expr : expr bitwise_shift_to_right • expr

              logical_not shift,
    and go to state 39 bitwise_not shift,
    and go to state 40 left_paren shift,
    and go to state 41 number shift,
    and go to state 42 identifier shift,
    and go to state 48 string shift,
    and go to state 44 '+' shift,
    and go to state 45 '-' shift,
    and go to state 46

    expr go to state 113

    State 79

    21 block : left_brace • statement right_brace

               indicator_function shift,
    and go to state 1 strategy_function shift,
    and go to state 2 if_statement shift,
    and go to state 3 for_statement shift,
    and go to state 4 return_statement shift,
    and go to state 5 while_statement shift,
    and go to state 6 break_statement shift,
    and go to state 7 continue_statement shift,
    and go to state 8 switch_statement shift,
    and go to state 9 case_statement shift,
    and go to state 10 default_statement shift,
    and go to state 11 var shift,
    and go to state 12 const_statement shift,
    and go to state 13 simple shift,
    and go to state 14 import_statement shift,
    and go to state 15 identifier shift,
    and go to state 16

    statement go to state 114 indicator_stmt go to state
    19 strategy_stmt go to state 20 if_stmt go to state 21 for_stmt go to state
    22 while_stmt go to state 23 return_stmt go to state
    24 break_stmt go to state 25 continue_stmt go to state
    26 switch_stmt go to state 27 case_stmt go to state
    28 default_stmt go to state 29 var_stmt go to state
    30 const_stmt go to state 31 simple_stmt go to state
    32 import_stmt go to state 33 assignment_stmt go to state
    34 assignment_re_stmt go to state 35

    State 80

    56 expr : expr equals • expr

              logical_not shift,
    and go to state 39 bitwise_not shift,
    and go to state 40 left_paren shift,
    and go to state 41 number shift,
    and go to state 42 identifier shift,
    and go to state 48 string shift,
    and go to state 44 '+' shift,
    and go to state 45 '-' shift,
    and go to state 46

    expr go to state 115

    State 81

    58 expr : expr greater_than • expr

              logical_not shift,
    and go to state 39 bitwise_not shift,
    and go to state 40 left_paren shift,
    and go to state 41 number shift,
    and go to state 42 identifier shift,
    and go to state 48 string shift,
    and go to state 44 '+' shift,
    and go to state 45 '-' shift,
    and go to state 46

    expr go to state 116

    State 82

    59 expr : expr lesser_than • expr

              logical_not shift,
    and go to state 39 bitwise_not shift,
    and go to state 40 left_paren shift,
    and go to state 41 number shift,
    and go to state 42 identifier shift,
    and go to state 48 string shift,
    and go to state 44 '+' shift,
    and go to state 45 '-' shift,
    and go to state 46

    expr go to state 117

    State 83

    60 expr : expr greater_than_or_equals • expr

              logical_not shift,
    and go to state 39 bitwise_not shift,
    and go to state 40 left_paren shift,
    and go to state 41 number shift,
    and go to state 42 identifier shift,
    and go to state 48 string shift,
    and go to state 44 '+' shift,
    and go to state 45 '-' shift,
    and go to state 46

    expr go to state 118

    State 84

    61 expr : expr lesser_than_or_equals • expr

              logical_not shift,
    and go to state 39 bitwise_not shift,
    and go to state 40 left_paren shift,
    and go to state 41 number shift,
    and go to state 42 identifier shift,
    and go to state 48 string shift,
    and go to state 44 '+' shift,
    and go to state 45 '-' shift,
    and go to state 46

    expr go to state 119

    State 85

    49 expr : expr '+' • expr

              logical_not shift,
    and go to state 39 bitwise_not shift,
    and go to state 40 left_paren shift,
    and go to state 41 number shift,
    and go to state 42 identifier shift,
    and go to state 48 string shift,
    and go to state 44 '+' shift,
    and go to state 45 '-' shift,
    and go to state 46

    expr go to state 120

    State 86

    50 expr : expr '-' • expr

              logical_not shift,
    and go to state 39 bitwise_not shift,
    and go to state 40 left_paren shift,
    and go to state 41 number shift,
    and go to state 42 identifier shift,
    and go to state 48 string shift,
    and go to state 44 '+' shift,
    and go to state 45 '-' shift,
    and go to state 46

    expr go to state 121

    State 87

    51 expr : expr '*' • expr

              logical_not shift,
    and go to state 39 bitwise_not shift,
    and go to state 40 left_paren shift,
    and go to state 41 number shift,
    and go to state 42 identifier shift,
    and go to state 48 string shift,
    and go to state 44 '+' shift,
    and go to state 45 '-' shift,
    and go to state 46

    expr go to state 122

    State 88

    52 expr : expr '/' • expr

              logical_not shift,
    and go to state 39 bitwise_not shift,
    and go to state 40 left_paren shift,
    and go to state 41 number shift,
    and go to state 42 identifier shift,
    and go to state 48 string shift,
    and go to state 44 '+' shift,
    and go to state 45 '-' shift,
    and go to state 46

    expr go to state 123

    State 89

    53 expr : expr '%' • expr

              logical_not shift,
    and go to state 39 bitwise_not shift,
    and go to state 40 left_paren shift,
    and go to state 41 number shift,
    and go to state 42 identifier shift,
    and go to state 48 string shift,
    and go to state 44 '+' shift,
    and go to state 45 '-' shift,
    and go to state 46

    expr go to state 124

    State 90

    22 block : statement •

               $default reduce using rule 22(block)

                   State 91

               29 for_stmt : for_statement expr block •

                             $default reduce using rule 29(for_stmt)

                                 State 92

                             30 while_stmt
    : while_statement expr block •

      $default reduce using rule 30(while_stmt)

          State 93

      35 switch_stmt : switch_statement expr block •

                       $default reduce using rule 35(switch_stmt)

                           State 94

                       37 case_stmt
    : case_statement expr comma • expr colon block

      logical_not shift,
    and go to state 39 bitwise_not shift,
    and go to state 40 left_paren shift,
    and go to state 41 number shift,
    and go to state 42 identifier shift,
    and go to state 48 string shift,
    and go to state 44 '+' shift,
    and go to state 45 '-' shift,
    and go to state 46

    expr go to state 125

    State 95

    36 case_stmt : case_statement expr colon • block

                   indicator_function shift,
    and go to state 1 strategy_function shift,
    and go to state 2 if_statement shift,
    and go to state 3 for_statement shift,
    and go to state 4 return_statement shift,
    and go to state 5 while_statement shift,
    and go to state 6 break_statement shift,
    and go to state 7 continue_statement shift,
    and go to state 8 switch_statement shift,
    and go to state 9 case_statement shift,
    and go to state 10 default_statement shift,
    and go to state 11 var shift,
    and go to state 12 const_statement shift,
    and go to state 13 simple shift,
    and go to state 14 import_statement shift,
    and go to state 15 left_brace shift,
    and go to state 79 identifier shift,
    and go to state 16

    statement go to state 90 block go to state 126 indicator_stmt go to state
    19 strategy_stmt go to state 20 if_stmt go to state 21 for_stmt go to state
    22 while_stmt go to state 23 return_stmt go to state
    24 break_stmt go to state 25 continue_stmt go to state
    26 switch_stmt go to state 27 case_stmt go to state
    28 default_stmt go to state 29 var_stmt go to state
    30 const_stmt go to state 31 simple_stmt go to state
    32 import_stmt go to state 33 assignment_stmt go to state
    34 assignment_re_stmt go to state 35

    State 96

    38 default_stmt : default_statement colon block •

                      $default reduce using rule 38(default_stmt)

                          State 97

                      39 var_stmt : var identifier assign • expr

                                    logical_not shift,
    and go to state 39 bitwise_not shift,
    and go to state 40 left_paren shift,
    and go to state 41 number shift,
    and go to state 42 identifier shift,
    and go to state 48 string shift,
    and go to state 44 '+' shift,
    and go to state 45 '-' shift,
    and go to state 46

    expr go to state 127

    State 98

    41 const_stmt : const_statement identifier assign • expr

                    logical_not shift,
    and go to state 39 bitwise_not shift,
    and go to state 40 left_paren shift,
    and go to state 41 number shift,
    and go to state 42 identifier shift,
    and go to state 48 string shift,
    and go to state 44 '+' shift,
    and go to state 45 '-' shift,
    and go to state 46

        expr go to state 128

        State 99

        44 assignment_stmt : identifier assign expr • 49 expr : expr • '+' expr
                                                                50 |
        expr • '-' expr 51 | expr • '*' expr 52 | expr • '/' expr 53 |
        expr • '%' expr 54 | expr • logical_and expr 55 |
        expr • logical_or expr 56 | expr • equals expr 57 |
        expr • dont_equal expr 58 | expr • greater_than expr 59 |
        expr • lesser_than expr 60 | expr • greater_than_or_equals expr 61 |
        expr • lesser_than_or_equals expr 62 | expr • bitwise_and expr 63 |
        expr • bitwise_or expr 64 | expr • bitwise_xor expr 65 |
        expr • bitwise_shift_to_left expr 66 |
        expr • bitwise_shift_to_right expr

        logical_and shift,
    and go to state 71 logical_or shift,
    and go to state 72 dont_equal shift,
    and go to state 73 bitwise_and shift,
    and go to state 74 bitwise_or shift,
    and go to state 75 bitwise_xor shift,
    and go to state 76 bitwise_shift_to_left shift,
    and go to state 77 bitwise_shift_to_right shift,
    and go to state 78 equals shift,
    and go to state 80 greater_than shift,
    and go to state 81 lesser_than shift,
    and go to state 82 greater_than_or_equals shift,
    and go to state 83 lesser_than_or_equals shift,
    and go to state 84 '+' shift,
    and go to state 85 '-' shift,
    and go to state 86 '*' shift,
    and go to state 87 '/' shift,
    and go to state 88 '%' shift,
    and go to state 89

        $default reduce using rule 44(assignment_stmt)

            State 100

        45 assignment_re_stmt : identifier re_assign expr • 49 expr
    : expr • '+' expr 50 |
        expr • '-' expr 51 | expr • '*' expr 52 | expr • '/' expr 53 |
        expr • '%' expr 54 | expr • logical_and expr 55 |
        expr • logical_or expr 56 | expr • equals expr 57 |
        expr • dont_equal expr 58 | expr • greater_than expr 59 |
        expr • lesser_than expr 60 | expr • greater_than_or_equals expr 61 |
        expr • lesser_than_or_equals expr 62 | expr • bitwise_and expr 63 |
        expr • bitwise_or expr 64 | expr • bitwise_xor expr 65 |
        expr • bitwise_shift_to_left expr 66 |
        expr • bitwise_shift_to_right expr

        logical_and shift,
    and go to state 71 logical_or shift,
    and go to state 72 dont_equal shift,
    and go to state 73 bitwise_and shift,
    and go to state 74 bitwise_or shift,
    and go to state 75 bitwise_xor shift,
    and go to state 76 bitwise_shift_to_left shift,
    and go to state 77 bitwise_shift_to_right shift,
    and go to state 78 equals shift,
    and go to state 80 greater_than shift,
    and go to state 81 lesser_than shift,
    and go to state 82 greater_than_or_equals shift,
    and go to state 83 lesser_than_or_equals shift,
    and go to state 84 '+' shift,
    and go to state 85 '-' shift,
    and go to state 86 '*' shift,
    and go to state 87 '/' shift,
    and go to state 88 '%' shift,
    and go to state 89

        $default reduce using rule 45(assignment_re_stmt)

            State 101

        23 indicator_stmt : indicator_function left_paren string right_paren •

                            $default reduce using rule 23(indicator_stmt)

                                State 102

                            24 strategy_stmt
    : strategy_function left_paren string right_paren •

      $default reduce using rule 24(strategy_stmt)

          State 103

      25 if_stmt : if_statement left_paren expr right_paren • block 26 |
        if_statement left_paren expr right_paren • block else_statement block

        indicator_function shift,
    and go to state 1 strategy_function shift,
    and go to state 2 if_statement shift,
    and go to state 3 for_statement shift,
    and go to state 4 return_statement shift,
    and go to state 5 while_statement shift,
    and go to state 6 break_statement shift,
    and go to state 7 continue_statement shift,
    and go to state 8 switch_statement shift,
    and go to state 9 case_statement shift,
    and go to state 10 default_statement shift,
    and go to state 11 var shift,
    and go to state 12 const_statement shift,
    and go to state 13 simple shift,
    and go to state 14 import_statement shift,
    and go to state 15 left_brace shift,
    and go to state 79 identifier shift,
    and go to state 16

        statement go to state 90 block go to state
        129 indicator_stmt go to state 19 strategy_stmt go to state
        20 if_stmt go to state 21 for_stmt go to state 22 while_stmt go to state
        23 return_stmt go to state 24 break_stmt go to state
        25 continue_stmt go to state 26 switch_stmt go to state
        27 case_stmt go to state 28 default_stmt go to state
        29 var_stmt go to state 30 const_stmt go to state
        31 simple_stmt go to state 32 import_stmt go to state
        33 assignment_stmt go to state 34 assignment_re_stmt go to state 35

        State 104

        71 expr : left_paren expr right_paren •

                  $default reduce using rule 71(expr)

                      State 105

                  27 for_stmt
    : for_statement identifier assign expr • to expr block 28 |
        for_statement identifier assign expr • to expr step expr block 49 expr
    : expr • '+' expr 50 |
      expr • '-' expr 51 | expr • '*' expr 52 | expr • '/' expr 53 |
      expr • '%' expr 54 | expr • logical_and expr 55 |
      expr • logical_or expr 56 | expr • equals expr 57 |
      expr • dont_equal expr 58 | expr • greater_than expr 59 |
      expr • lesser_than expr 60 | expr • greater_than_or_equals expr 61 |
      expr • lesser_than_or_equals expr 62 | expr • bitwise_and expr 63 |
      expr • bitwise_or expr 64 | expr • bitwise_xor expr 65 |
      expr • bitwise_shift_to_left expr 66 |
      expr • bitwise_shift_to_right expr

      to shift,
    and go to state 130 logical_and shift,
    and go to state 71 logical_or shift,
    and go to state 72 dont_equal shift,
    and go to state 73 bitwise_and shift,
    and go to state 74 bitwise_or shift,
    and go to state 75 bitwise_xor shift,
    and go to state 76 bitwise_shift_to_left shift,
    and go to state 77 bitwise_shift_to_right shift,
    and go to state 78 equals shift,
    and go to state 80 greater_than shift,
    and go to state 81 lesser_than shift,
    and go to state 82 greater_than_or_equals shift,
    and go to state 83 lesser_than_or_equals shift,
    and go to state 84 '+' shift,
    and go to state 85 '-' shift,
    and go to state 86 '*' shift,
    and go to state 87 '/' shift,
    and go to state 88 '%' shift,
    and go to state 89

        State 106

        49 expr : expr • '+' expr 50 |
        expr • '-' expr 51 | expr • '*' expr 52 | expr • '/' expr 53 |
        expr • '%' expr 54 | expr • logical_and expr 54 |
        expr logical_and expr • 55 | expr • logical_or expr 56 |
        expr • equals expr 57 | expr • dont_equal expr 58 |
        expr • greater_than expr 59 | expr • lesser_than expr 60 |
        expr • greater_than_or_equals expr 61 |
        expr • lesser_than_or_equals expr 62 | expr • bitwise_and expr 63 |
        expr • bitwise_or expr 64 | expr • bitwise_xor expr 65 |
        expr • bitwise_shift_to_left expr 66 |
        expr • bitwise_shift_to_right expr

        dont_equal shift,
    and go to state 73 bitwise_and shift,
    and go to state 74 bitwise_or shift,
    and go to state 75 bitwise_xor shift,
    and go to state 76 bitwise_shift_to_left shift,
    and go to state 77 bitwise_shift_to_right shift,
    and go to state 78 equals shift,
    and go to state 80 greater_than shift,
    and go to state 81 lesser_than shift,
    and go to state 82 greater_than_or_equals shift,
    and go to state 83 lesser_than_or_equals shift,
    and go to state 84 '+' shift,
    and go to state 85 '-' shift,
    and go to state 86 '*' shift,
    and go to state 87 '/' shift,
    and go to state 88 '%' shift,
    and go to state 89

        $default reduce using rule 54(expr)

            State 107

        49 expr : expr • '+' expr 50 |
        expr • '-' expr 51 | expr • '*' expr 52 | expr • '/' expr 53 |
        expr • '%' expr 54 | expr • logical_and expr 55 |
        expr • logical_or expr 55 | expr logical_or expr • 56 |
        expr • equals expr 57 | expr • dont_equal expr 58 |
        expr • greater_than expr 59 | expr • lesser_than expr 60 |
        expr • greater_than_or_equals expr 61 |
        expr • lesser_than_or_equals expr 62 | expr • bitwise_and expr 63 |
        expr • bitwise_or expr 64 | expr • bitwise_xor expr 65 |
        expr • bitwise_shift_to_left expr 66 |
        expr • bitwise_shift_to_right expr

        logical_and shift,
    and go to state 71 dont_equal shift,
    and go to state 73 bitwise_and shift,
    and go to state 74 bitwise_or shift,
    and go to state 75 bitwise_xor shift,
    and go to state 76 bitwise_shift_to_left shift,
    and go to state 77 bitwise_shift_to_right shift,
    and go to state 78 equals shift,
    and go to state 80 greater_than shift,
    and go to state 81 lesser_than shift,
    and go to state 82 greater_than_or_equals shift,
    and go to state 83 lesser_than_or_equals shift,
    and go to state 84 '+' shift,
    and go to state 85 '-' shift,
    and go to state 86 '*' shift,
    and go to state 87 '/' shift,
    and go to state 88 '%' shift,
    and go to state 89

        $default reduce using rule 55(expr)

            State 108

        49 expr : expr • '+' expr 50 |
        expr • '-' expr 51 | expr • '*' expr 52 | expr • '/' expr 53 |
        expr • '%' expr 54 | expr • logical_and expr 55 |
        expr • logical_or expr 56 | expr • equals expr 57 |
        expr • dont_equal expr 57 | expr dont_equal expr • 58 |
        expr • greater_than expr 59 | expr • lesser_than expr 60 |
        expr • greater_than_or_equals expr 61 |
        expr • lesser_than_or_equals expr 62 | expr • bitwise_and expr 63 |
        expr • bitwise_or expr 64 | expr • bitwise_xor expr 65 |
        expr • bitwise_shift_to_left expr 66 |
        expr • bitwise_shift_to_right expr

        bitwise_and shift,
    and go to state 74 bitwise_or shift,
    and go to state 75 bitwise_xor shift,
    and go to state 76 bitwise_shift_to_left shift,
    and go to state 77 bitwise_shift_to_right shift,
    and go to state 78 '+' shift,
    and go to state 85 '-' shift,
    and go to state 86 '*' shift,
    and go to state 87 '/' shift,
    and go to state 88 '%' shift,
    and go to state 89

        $default reduce using rule 57(expr)

            State 109

        49 expr : expr • '+' expr 50 |
        expr • '-' expr 51 | expr • '*' expr 52 | expr • '/' expr 53 |
        expr • '%' expr 54 | expr • logical_and expr 55 |
        expr • logical_or expr 56 | expr • equals expr 57 |
        expr • dont_equal expr 58 | expr • greater_than expr 59 |
        expr • lesser_than expr 60 | expr • greater_than_or_equals expr 61 |
        expr • lesser_than_or_equals expr 62 | expr • bitwise_and expr 62 |
        expr bitwise_and expr • 63 | expr • bitwise_or expr 64 |
        expr • bitwise_xor expr 65 | expr • bitwise_shift_to_left expr 66 |
        expr • bitwise_shift_to_right expr

        bitwise_shift_to_left shift,
    and go to state 77 bitwise_shift_to_right shift,
    and go to state 78 '+' shift,
    and go to state 85 '-' shift,
    and go to state 86 '*' shift,
    and go to state 87 '/' shift,
    and go to state 88 '%' shift,
    and go to state 89

        $default reduce using rule 62(expr)

            State 110

        49 expr : expr • '+' expr 50 |
        expr • '-' expr 51 | expr • '*' expr 52 | expr • '/' expr 53 |
        expr • '%' expr 54 | expr • logical_and expr 55 |
        expr • logical_or expr 56 | expr • equals expr 57 |
        expr • dont_equal expr 58 | expr • greater_than expr 59 |
        expr • lesser_than expr 60 | expr • greater_than_or_equals expr 61 |
        expr • lesser_than_or_equals expr 62 | expr • bitwise_and expr 63 |
        expr • bitwise_or expr 63 | expr bitwise_or expr • 64 |
        expr • bitwise_xor expr 65 | expr • bitwise_shift_to_left expr 66 |
        expr • bitwise_shift_to_right expr

        bitwise_and shift,
    and go to state 74 bitwise_xor shift,
    and go to state 76 bitwise_shift_to_left shift,
    and go to state 77 bitwise_shift_to_right shift,
    and go to state 78 '+' shift,
    and go to state 85 '-' shift,
    and go to state 86 '*' shift,
    and go to state 87 '/' shift,
    and go to state 88 '%' shift,
    and go to state 89

        $default reduce using rule 63(expr)

            State 111

        49 expr : expr • '+' expr 50 |
        expr • '-' expr 51 | expr • '*' expr 52 | expr • '/' expr 53 |
        expr • '%' expr 54 | expr • logical_and expr 55 |
        expr • logical_or expr 56 | expr • equals expr 57 |
        expr • dont_equal expr 58 | expr • greater_than expr 59 |
        expr • lesser_than expr 60 | expr • greater_than_or_equals expr 61 |
        expr • lesser_than_or_equals expr 62 | expr • bitwise_and expr 63 |
        expr • bitwise_or expr 64 | expr • bitwise_xor expr 64 |
        expr bitwise_xor expr • 65 | expr • bitwise_shift_to_left expr 66 |
        expr • bitwise_shift_to_right expr

        bitwise_and shift,
    and go to state 74 bitwise_shift_to_left shift,
    and go to state 77 bitwise_shift_to_right shift,
    and go to state 78 '+' shift,
    and go to state 85 '-' shift,
    and go to state 86 '*' shift,
    and go to state 87 '/' shift,
    and go to state 88 '%' shift,
    and go to state 89

        $default reduce using rule 64(expr)

            State 112

        49 expr : expr • '+' expr 50 |
        expr • '-' expr 51 | expr • '*' expr 52 | expr • '/' expr 53 |
        expr • '%' expr 54 | expr • logical_and expr 55 |
        expr • logical_or expr 56 | expr • equals expr 57 |
        expr • dont_equal expr 58 | expr • greater_than expr 59 |
        expr • lesser_than expr 60 | expr • greater_than_or_equals expr 61 |
        expr • lesser_than_or_equals expr 62 | expr • bitwise_and expr 63 |
        expr • bitwise_or expr 64 | expr • bitwise_xor expr 65 |
        expr • bitwise_shift_to_left expr 65 |
        expr bitwise_shift_to_left expr • 66 |
        expr • bitwise_shift_to_right expr

        '+' shift,
    and go to state 85 '-' shift,
    and go to state 86 '*' shift,
    and go to state 87 '/' shift,
    and go to state 88 '%' shift,
    and go to state 89

        $default reduce using rule 65(expr)

            State 113

        49 expr : expr • '+' expr 50 |
        expr • '-' expr 51 | expr • '*' expr 52 | expr • '/' expr 53 |
        expr • '%' expr 54 | expr • logical_and expr 55 |
        expr • logical_or expr 56 | expr • equals expr 57 |
        expr • dont_equal expr 58 | expr • greater_than expr 59 |
        expr • lesser_than expr 60 | expr • greater_than_or_equals expr 61 |
        expr • lesser_than_or_equals expr 62 | expr • bitwise_and expr 63 |
        expr • bitwise_or expr 64 | expr • bitwise_xor expr 65 |
        expr • bitwise_shift_to_left expr 66 |
        expr • bitwise_shift_to_right expr 66 |
        expr bitwise_shift_to_right expr •

        '+' shift,
    and go to state 85 '-' shift,
    and go to state 86 '*' shift,
    and go to state 87 '/' shift,
    and go to state 88 '%' shift,
    and go to state 89

    $default reduce using rule 66(expr)

        State 114

    21 block : left_brace statement • right_brace

               right_brace shift,
    and go to state 131

        State 115

        49 expr : expr • '+' expr 50 |
        expr • '-' expr 51 | expr • '*' expr 52 | expr • '/' expr 53 |
        expr • '%' expr 54 | expr • logical_and expr 55 |
        expr • logical_or expr 56 | expr • equals expr 56 |
        expr equals expr • 57 | expr • dont_equal expr 58 |
        expr • greater_than expr 59 | expr • lesser_than expr 60 |
        expr • greater_than_or_equals expr 61 |
        expr • lesser_than_or_equals expr 62 | expr • bitwise_and expr 63 |
        expr • bitwise_or expr 64 | expr • bitwise_xor expr 65 |
        expr • bitwise_shift_to_left expr 66 |
        expr • bitwise_shift_to_right expr

        bitwise_and shift,
    and go to state 74 bitwise_or shift,
    and go to state 75 bitwise_xor shift,
    and go to state 76 bitwise_shift_to_left shift,
    and go to state 77 bitwise_shift_to_right shift,
    and go to state 78 '+' shift,
    and go to state 85 '-' shift,
    and go to state 86 '*' shift,
    and go to state 87 '/' shift,
    and go to state 88 '%' shift,
    and go to state 89

        $default reduce using rule 56(expr)

            State 116

        49 expr : expr • '+' expr 50 |
        expr • '-' expr 51 | expr • '*' expr 52 | expr • '/' expr 53 |
        expr • '%' expr 54 | expr • logical_and expr 55 |
        expr • logical_or expr 56 | expr • equals expr 57 |
        expr • dont_equal expr 58 | expr • greater_than expr 58 |
        expr greater_than expr • 59 | expr • lesser_than expr 60 |
        expr • greater_than_or_equals expr 61 |
        expr • lesser_than_or_equals expr 62 | expr • bitwise_and expr 63 |
        expr • bitwise_or expr 64 | expr • bitwise_xor expr 65 |
        expr • bitwise_shift_to_left expr 66 |
        expr • bitwise_shift_to_right expr

        bitwise_and shift,
    and go to state 74 bitwise_or shift,
    and go to state 75 bitwise_xor shift,
    and go to state 76 bitwise_shift_to_left shift,
    and go to state 77 bitwise_shift_to_right shift,
    and go to state 78 '+' shift,
    and go to state 85 '-' shift,
    and go to state 86 '*' shift,
    and go to state 87 '/' shift,
    and go to state 88 '%' shift,
    and go to state 89

        $default reduce using rule 58(expr)

            State 117

        49 expr : expr • '+' expr 50 |
        expr • '-' expr 51 | expr • '*' expr 52 | expr • '/' expr 53 |
        expr • '%' expr 54 | expr • logical_and expr 55 |
        expr • logical_or expr 56 | expr • equals expr 57 |
        expr • dont_equal expr 58 | expr • greater_than expr 59 |
        expr • lesser_than expr 59 | expr lesser_than expr • 60 |
        expr • greater_than_or_equals expr 61 |
        expr • lesser_than_or_equals expr 62 | expr • bitwise_and expr 63 |
        expr • bitwise_or expr 64 | expr • bitwise_xor expr 65 |
        expr • bitwise_shift_to_left expr 66 |
        expr • bitwise_shift_to_right expr

        bitwise_and shift,
    and go to state 74 bitwise_or shift,
    and go to state 75 bitwise_xor shift,
    and go to state 76 bitwise_shift_to_left shift,
    and go to state 77 bitwise_shift_to_right shift,
    and go to state 78 '+' shift,
    and go to state 85 '-' shift,
    and go to state 86 '*' shift,
    and go to state 87 '/' shift,
    and go to state 88 '%' shift,
    and go to state 89

        $default reduce using rule 59(expr)

            State 118

        49 expr : expr • '+' expr 50 |
        expr • '-' expr 51 | expr • '*' expr 52 | expr • '/' expr 53 |
        expr • '%' expr 54 | expr • logical_and expr 55 |
        expr • logical_or expr 56 | expr • equals expr 57 |
        expr • dont_equal expr 58 | expr • greater_than expr 59 |
        expr • lesser_than expr 60 | expr • greater_than_or_equals expr 60 |
        expr greater_than_or_equals expr • 61 |
        expr • lesser_than_or_equals expr 62 | expr • bitwise_and expr 63 |
        expr • bitwise_or expr 64 | expr • bitwise_xor expr 65 |
        expr • bitwise_shift_to_left expr 66 |
        expr • bitwise_shift_to_right expr

        bitwise_and shift,
    and go to state 74 bitwise_or shift,
    and go to state 75 bitwise_xor shift,
    and go to state 76 bitwise_shift_to_left shift,
    and go to state 77 bitwise_shift_to_right shift,
    and go to state 78 '+' shift,
    and go to state 85 '-' shift,
    and go to state 86 '*' shift,
    and go to state 87 '/' shift,
    and go to state 88 '%' shift,
    and go to state 89

        $default reduce using rule 60(expr)

            State 119

        49 expr : expr • '+' expr 50 |
        expr • '-' expr 51 | expr • '*' expr 52 | expr • '/' expr 53 |
        expr • '%' expr 54 | expr • logical_and expr 55 |
        expr • logical_or expr 56 | expr • equals expr 57 |
        expr • dont_equal expr 58 | expr • greater_than expr 59 |
        expr • lesser_than expr 60 | expr • greater_than_or_equals expr 61 |
        expr • lesser_than_or_equals expr 61 |
        expr lesser_than_or_equals expr • 62 | expr • bitwise_and expr 63 |
        expr • bitwise_or expr 64 | expr • bitwise_xor expr 65 |
        expr • bitwise_shift_to_left expr 66 |
        expr • bitwise_shift_to_right expr

        bitwise_and shift,
    and go to state 74 bitwise_or shift,
    and go to state 75 bitwise_xor shift,
    and go to state 76 bitwise_shift_to_left shift,
    and go to state 77 bitwise_shift_to_right shift,
    and go to state 78 '+' shift,
    and go to state 85 '-' shift,
    and go to state 86 '*' shift,
    and go to state 87 '/' shift,
    and go to state 88 '%' shift,
    and go to state 89

        $default reduce using rule 61(expr)

            State 120

        49 expr : expr • '+' expr 49 |
        expr '+' expr • 50 | expr • '-' expr 51 | expr • '*' expr 52 |
        expr • '/' expr 53 | expr • '%' expr 54 | expr • logical_and expr 55 |
        expr • logical_or expr 56 | expr • equals expr 57 |
        expr • dont_equal expr 58 | expr • greater_than expr 59 |
        expr • lesser_than expr 60 | expr • greater_than_or_equals expr 61 |
        expr • lesser_than_or_equals expr 62 | expr • bitwise_and expr 63 |
        expr • bitwise_or expr 64 | expr • bitwise_xor expr 65 |
        expr • bitwise_shift_to_left expr 66 |
        expr • bitwise_shift_to_right expr

        '*' shift,
    and go to state 87 '/' shift,
    and go to state 88 '%' shift,
    and go to state 89

        $default reduce using rule 49(expr)

            State 121

        49 expr : expr • '+' expr 50 |
        expr • '-' expr 50 | expr '-' expr • 51 | expr • '*' expr 52 |
        expr • '/' expr 53 | expr • '%' expr 54 | expr • logical_and expr 55 |
        expr • logical_or expr 56 | expr • equals expr 57 |
        expr • dont_equal expr 58 | expr • greater_than expr 59 |
        expr • lesser_than expr 60 | expr • greater_than_or_equals expr 61 |
        expr • lesser_than_or_equals expr 62 | expr • bitwise_and expr 63 |
        expr • bitwise_or expr 64 | expr • bitwise_xor expr 65 |
        expr • bitwise_shift_to_left expr 66 |
        expr • bitwise_shift_to_right expr

        '*' shift,
    and go to state 87 '/' shift,
    and go to state 88 '%' shift,
    and go to state 89

        $default reduce using rule 50(expr)

            State 122

        49 expr : expr • '+' expr 50 |
        expr • '-' expr 51 | expr • '*' expr 51 | expr '*' expr • 52 |
        expr • '/' expr 53 | expr • '%' expr 54 | expr • logical_and expr 55 |
        expr • logical_or expr 56 | expr • equals expr 57 |
        expr • dont_equal expr 58 | expr • greater_than expr 59 |
        expr • lesser_than expr 60 | expr • greater_than_or_equals expr 61 |
        expr • lesser_than_or_equals expr 62 | expr • bitwise_and expr 63 |
        expr • bitwise_or expr 64 | expr • bitwise_xor expr 65 |
        expr • bitwise_shift_to_left expr 66 |
        expr • bitwise_shift_to_right expr

        $default reduce using rule 51(expr)

            State 123

        49 expr
    : expr • '+' expr 50 |
      expr • '-' expr 51 | expr • '*' expr 52 | expr • '/' expr 52 |
      expr '/' expr • 53 | expr • '%' expr 54 | expr • logical_and expr 55 |
      expr • logical_or expr 56 | expr • equals expr 57 |
      expr • dont_equal expr 58 | expr • greater_than expr 59 |
      expr • lesser_than expr 60 | expr • greater_than_or_equals expr 61 |
      expr • lesser_than_or_equals expr 62 | expr • bitwise_and expr 63 |
      expr • bitwise_or expr 64 | expr • bitwise_xor expr 65 |
      expr • bitwise_shift_to_left expr 66 |
      expr • bitwise_shift_to_right expr

      $default reduce using rule 52(expr)

          State 124

      49 expr
    : expr • '+' expr 50 |
      expr • '-' expr 51 | expr • '*' expr 52 | expr • '/' expr 53 |
      expr • '%' expr 53 | expr '%' expr • 54 | expr • logical_and expr 55 |
      expr • logical_or expr 56 | expr • equals expr 57 |
      expr • dont_equal expr 58 | expr • greater_than expr 59 |
      expr • lesser_than expr 60 | expr • greater_than_or_equals expr 61 |
      expr • lesser_than_or_equals expr 62 | expr • bitwise_and expr 63 |
      expr • bitwise_or expr 64 | expr • bitwise_xor expr 65 |
      expr • bitwise_shift_to_left expr 66 |
      expr • bitwise_shift_to_right expr

      $default reduce using rule 53(expr)

          State 125

      37 case_stmt : case_statement expr comma expr • colon block 49 expr
    : expr • '+' expr 50 |
      expr • '-' expr 51 | expr • '*' expr 52 | expr • '/' expr 53 |
      expr • '%' expr 54 | expr • logical_and expr 55 |
      expr • logical_or expr 56 | expr • equals expr 57 |
      expr • dont_equal expr 58 | expr • greater_than expr 59 |
      expr • lesser_than expr 60 | expr • greater_than_or_equals expr 61 |
      expr • lesser_than_or_equals expr 62 | expr • bitwise_and expr 63 |
      expr • bitwise_or expr 64 | expr • bitwise_xor expr 65 |
      expr • bitwise_shift_to_left expr 66 |
      expr • bitwise_shift_to_right expr

      logical_and shift,
    and go to state 71 logical_or shift,
    and go to state 72 dont_equal shift,
    and go to state 73 bitwise_and shift,
    and go to state 74 bitwise_or shift,
    and go to state 75 bitwise_xor shift,
    and go to state 76 bitwise_shift_to_left shift,
    and go to state 77 bitwise_shift_to_right shift,
    and go to state 78 equals shift,
    and go to state 80 greater_than shift,
    and go to state 81 lesser_than shift,
    and go to state 82 greater_than_or_equals shift,
    and go to state 83 lesser_than_or_equals shift,
    and go to state 84 colon shift,
    and go to state 132 '+' shift,
    and go to state 85 '-' shift,
    and go to state 86 '*' shift,
    and go to state 87 '/' shift,
    and go to state 88 '%' shift,
    and go to state 89

        State 126

        36 case_stmt : case_statement expr colon block •

                       $default reduce using rule 36(case_stmt)

                           State 127

                       39 var_stmt : var identifier assign expr • 49 expr
    : expr • '+' expr 50 |
        expr • '-' expr 51 | expr • '*' expr 52 | expr • '/' expr 53 |
        expr • '%' expr 54 | expr • logical_and expr 55 |
        expr • logical_or expr 56 | expr • equals expr 57 |
        expr • dont_equal expr 58 | expr • greater_than expr 59 |
        expr • lesser_than expr 60 | expr • greater_than_or_equals expr 61 |
        expr • lesser_than_or_equals expr 62 | expr • bitwise_and expr 63 |
        expr • bitwise_or expr 64 | expr • bitwise_xor expr 65 |
        expr • bitwise_shift_to_left expr 66 |
        expr • bitwise_shift_to_right expr

        logical_and shift,
    and go to state 71 logical_or shift,
    and go to state 72 dont_equal shift,
    and go to state 73 bitwise_and shift,
    and go to state 74 bitwise_or shift,
    and go to state 75 bitwise_xor shift,
    and go to state 76 bitwise_shift_to_left shift,
    and go to state 77 bitwise_shift_to_right shift,
    and go to state 78 equals shift,
    and go to state 80 greater_than shift,
    and go to state 81 lesser_than shift,
    and go to state 82 greater_than_or_equals shift,
    and go to state 83 lesser_than_or_equals shift,
    and go to state 84 '+' shift,
    and go to state 85 '-' shift,
    and go to state 86 '*' shift,
    and go to state 87 '/' shift,
    and go to state 88 '%' shift,
    and go to state 89

        $default reduce using rule 39(var_stmt)

            State 128

        41 const_stmt : const_statement identifier assign expr • 49 expr
    : expr • '+' expr 50 |
        expr • '-' expr 51 | expr • '*' expr 52 | expr • '/' expr 53 |
        expr • '%' expr 54 | expr • logical_and expr 55 |
        expr • logical_or expr 56 | expr • equals expr 57 |
        expr • dont_equal expr 58 | expr • greater_than expr 59 |
        expr • lesser_than expr 60 | expr • greater_than_or_equals expr 61 |
        expr • lesser_than_or_equals expr 62 | expr • bitwise_and expr 63 |
        expr • bitwise_or expr 64 | expr • bitwise_xor expr 65 |
        expr • bitwise_shift_to_left expr 66 |
        expr • bitwise_shift_to_right expr

        logical_and shift,
    and go to state 71 logical_or shift,
    and go to state 72 dont_equal shift,
    and go to state 73 bitwise_and shift,
    and go to state 74 bitwise_or shift,
    and go to state 75 bitwise_xor shift,
    and go to state 76 bitwise_shift_to_left shift,
    and go to state 77 bitwise_shift_to_right shift,
    and go to state 78 equals shift,
    and go to state 80 greater_than shift,
    and go to state 81 lesser_than shift,
    and go to state 82 greater_than_or_equals shift,
    and go to state 83 lesser_than_or_equals shift,
    and go to state 84 '+' shift,
    and go to state 85 '-' shift,
    and go to state 86 '*' shift,
    and go to state 87 '/' shift,
    and go to state 88 '%' shift,
    and go to state 89

        $default reduce using rule 41(const_stmt)

            State 129

        25 if_stmt : if_statement left_paren expr right_paren block • 26 |
        if_statement left_paren expr right_paren block • else_statement block

        else_statement shift,
    and go to state 133

        else_statement[reduce using rule 25(if_stmt)] $default reduce using rule
        25(if_stmt)

            State 130

        27 for_stmt : for_statement identifier assign expr to • expr block 28 |
        for_statement identifier assign expr to • expr step expr block

        logical_not shift,
    and go to state 39 bitwise_not shift,
    and go to state 40 left_paren shift,
    and go to state 41 number shift,
    and go to state 42 identifier shift,
    and go to state 48 string shift,
    and go to state 44 '+' shift,
    and go to state 45 '-' shift,
    and go to state 46

    expr go to state 134

    State 131

    21 block : left_brace statement right_brace •

               $default reduce using rule 21(block)

                   State 132

               37 case_stmt : case_statement expr comma expr colon • block

                              indicator_function shift,
    and go to state 1 strategy_function shift,
    and go to state 2 if_statement shift,
    and go to state 3 for_statement shift,
    and go to state 4 return_statement shift,
    and go to state 5 while_statement shift,
    and go to state 6 break_statement shift,
    and go to state 7 continue_statement shift,
    and go to state 8 switch_statement shift,
    and go to state 9 case_statement shift,
    and go to state 10 default_statement shift,
    and go to state 11 var shift,
    and go to state 12 const_statement shift,
    and go to state 13 simple shift,
    and go to state 14 import_statement shift,
    and go to state 15 left_brace shift,
    and go to state 79 identifier shift,
    and go to state 16

    statement go to state 90 block go to state 135 indicator_stmt go to state
    19 strategy_stmt go to state 20 if_stmt go to state 21 for_stmt go to state
    22 while_stmt go to state 23 return_stmt go to state
    24 break_stmt go to state 25 continue_stmt go to state
    26 switch_stmt go to state 27 case_stmt go to state
    28 default_stmt go to state 29 var_stmt go to state
    30 const_stmt go to state 31 simple_stmt go to state
    32 import_stmt go to state 33 assignment_stmt go to state
    34 assignment_re_stmt go to state 35

    State 133

    26 if_stmt
    : if_statement left_paren expr right_paren block else_statement • block

      indicator_function shift,
    and go to state 1 strategy_function shift,
    and go to state 2 if_statement shift,
    and go to state 3 for_statement shift,
    and go to state 4 return_statement shift,
    and go to state 5 while_statement shift,
    and go to state 6 break_statement shift,
    and go to state 7 continue_statement shift,
    and go to state 8 switch_statement shift,
    and go to state 9 case_statement shift,
    and go to state 10 default_statement shift,
    and go to state 11 var shift,
    and go to state 12 const_statement shift,
    and go to state 13 simple shift,
    and go to state 14 import_statement shift,
    and go to state 15 left_brace shift,
    and go to state 79 identifier shift,
    and go to state 16

        statement go to state 90 block go to state
        136 indicator_stmt go to state 19 strategy_stmt go to state
        20 if_stmt go to state 21 for_stmt go to state 22 while_stmt go to state
        23 return_stmt go to state 24 break_stmt go to state
        25 continue_stmt go to state 26 switch_stmt go to state
        27 case_stmt go to state 28 default_stmt go to state
        29 var_stmt go to state 30 const_stmt go to state
        31 simple_stmt go to state 32 import_stmt go to state
        33 assignment_stmt go to state 34 assignment_re_stmt go to state 35

        State 134

        27 for_stmt : for_statement identifier assign expr to expr • block 28 |
        for_statement identifier assign expr to expr • step expr block 49 expr
    : expr • '+' expr 50 |
      expr • '-' expr 51 | expr • '*' expr 52 | expr • '/' expr 53 |
      expr • '%' expr 54 | expr • logical_and expr 55 |
      expr • logical_or expr 56 | expr • equals expr 57 |
      expr • dont_equal expr 58 | expr • greater_than expr 59 |
      expr • lesser_than expr 60 | expr • greater_than_or_equals expr 61 |
      expr • lesser_than_or_equals expr 62 | expr • bitwise_and expr 63 |
      expr • bitwise_or expr 64 | expr • bitwise_xor expr 65 |
      expr • bitwise_shift_to_left expr 66 |
      expr • bitwise_shift_to_right expr

      indicator_function shift,
    and go to state 1 strategy_function shift,
    and go to state 2 if_statement shift,
    and go to state 3 for_statement shift,
    and go to state 4 step shift,
    and go to state 137 return_statement shift,
    and go to state 5 while_statement shift,
    and go to state 6 break_statement shift,
    and go to state 7 continue_statement shift,
    and go to state 8 switch_statement shift,
    and go to state 9 case_statement shift,
    and go to state 10 default_statement shift,
    and go to state 11 var shift,
    and go to state 12 const_statement shift,
    and go to state 13 simple shift,
    and go to state 14 logical_and shift,
    and go to state 71 logical_or shift,
    and go to state 72 dont_equal shift,
    and go to state 73 bitwise_and shift,
    and go to state 74 bitwise_or shift,
    and go to state 75 bitwise_xor shift,
    and go to state 76 bitwise_shift_to_left shift,
    and go to state 77 bitwise_shift_to_right shift,
    and go to state 78 import_statement shift,
    and go to state 15 left_brace shift,
    and go to state 79 equals shift,
    and go to state 80 greater_than shift,
    and go to state 81 lesser_than shift,
    and go to state 82 greater_than_or_equals shift,
    and go to state 83 lesser_than_or_equals shift,
    and go to state 84 identifier shift,
    and go to state 16 '+' shift,
    and go to state 85 '-' shift,
    and go to state 86 '*' shift,
    and go to state 87 '/' shift,
    and go to state 88 '%' shift,
    and go to state 89

    statement go to state 90 block go to state 138 indicator_stmt go to state
    19 strategy_stmt go to state 20 if_stmt go to state 21 for_stmt go to state
    22 while_stmt go to state 23 return_stmt go to state
    24 break_stmt go to state 25 continue_stmt go to state
    26 switch_stmt go to state 27 case_stmt go to state
    28 default_stmt go to state 29 var_stmt go to state
    30 const_stmt go to state 31 simple_stmt go to state
    32 import_stmt go to state 33 assignment_stmt go to state
    34 assignment_re_stmt go to state 35

    State 135

    37 case_stmt : case_statement expr comma expr colon block •

                   $default reduce using rule 37(case_stmt)

                       State 136

                   26 if_stmt
    : if_statement left_paren expr right_paren block else_statement block •

      $default reduce using rule 26(if_stmt)

          State 137

      28 for_stmt
    : for_statement identifier assign expr to expr step • expr block

      logical_not shift,
    and go to state 39 bitwise_not shift,
    and go to state 40 left_paren shift,
    and go to state 41 number shift,
    and go to state 42 identifier shift,
    and go to state 48 string shift,
    and go to state 44 '+' shift,
    and go to state 45 '-' shift,
    and go to state 46

        expr go to state 139

        State 138

        27 for_stmt : for_statement identifier assign expr to expr block •

                      $default reduce using rule 27(for_stmt)

                          State 139

                      28 for_stmt
    : for_statement identifier assign expr to expr step expr • block 49 expr
    : expr • '+' expr 50 |
        expr • '-' expr 51 | expr • '*' expr 52 | expr • '/' expr 53 |
        expr • '%' expr 54 | expr • logical_and expr 55 |
        expr • logical_or expr 56 | expr • equals expr 57 |
        expr • dont_equal expr 58 | expr • greater_than expr 59 |
        expr • lesser_than expr 60 | expr • greater_than_or_equals expr 61 |
        expr • lesser_than_or_equals expr 62 | expr • bitwise_and expr 63 |
        expr • bitwise_or expr 64 | expr • bitwise_xor expr 65 |
        expr • bitwise_shift_to_left expr 66 |
        expr • bitwise_shift_to_right expr

        indicator_function shift,
    and go to state 1 strategy_function shift,
    and go to state 2 if_statement shift,
    and go to state 3 for_statement shift,
    and go to state 4 return_statement shift,
    and go to state 5 while_statement shift,
    and go to state 6 break_statement shift,
    and go to state 7 continue_statement shift,
    and go to state 8 switch_statement shift,
    and go to state 9 case_statement shift,
    and go to state 10 default_statement shift,
    and go to state 11 var shift,
    and go to state 12 const_statement shift,
    and go to state 13 simple shift,
    and go to state 14 logical_and shift,
    and go to state 71 logical_or shift,
    and go to state 72 dont_equal shift,
    and go to state 73 bitwise_and shift,
    and go to state 74 bitwise_or shift,
    and go to state 75 bitwise_xor shift,
    and go to state 76 bitwise_shift_to_left shift,
    and go to state 77 bitwise_shift_to_right shift,
    and go to state 78 import_statement shift,
    and go to state 15 left_brace shift,
    and go to state 79 equals shift,
    and go to state 80 greater_than shift,
    and go to state 81 lesser_than shift,
    and go to state 82 greater_than_or_equals shift,
    and go to state 83 lesser_than_or_equals shift,
    and go to state 84 identifier shift,
    and go to state 16 '+' shift,
    and go to state 85 '-' shift,
    and go to state 86 '*' shift,
    and go to state 87 '/' shift,
    and go to state 88 '%' shift,
    and go to state 89

    statement go to state 90 block go to state 140 indicator_stmt go to state
    19 strategy_stmt go to state 20 if_stmt go to state 21 for_stmt go to state
    22 while_stmt go to state 23 return_stmt go to state
    24 break_stmt go to state 25 continue_stmt go to state
    26 switch_stmt go to state 27 case_stmt go to state
    28 default_stmt go to state 29 var_stmt go to state
    30 const_stmt go to state 31 simple_stmt go to state
    32 import_stmt go to state 33 assignment_stmt go to state
    34 assignment_re_stmt go to state 35

    State 140

    28 for_stmt : for_statement identifier assign expr to expr step expr block •

                  $default reduce using rule 28(for_stmt)
